// Jest Snapshot v1, https://goo.gl/fbAQLP

exports[`TableContainer should render correctly 1`] = `
<div>
  <table>
    <thead>
      <tr
        onClick={[Function]}
      >
        <td>
          position
        </td>
        <td>
          teamName
        </td>
        <td>
          matches
        </td>
        <td>
          w
        </td>
        <td>
          d
        </td>
        <td>
          l
        </td>
        <td>
          goals
        </td>
        <td>
          points
        </td>
      </tr>
    </thead>
    <tbody>
      <tr>
        <td>
          1.
        </td>
        <td>
          Манчестер Сити
        </td>
        <td>
          24
        </td>
        <td>
          21
        </td>
        <td>
          2
        </td>
        <td>
          1
        </td>
        <td>
          70:18
        </td>
        <td>
          65
        </td>
      </tr>
      <tr>
        <td>
          2.
        </td>
        <td>
          Манчестер Юнайтед
        </td>
        <td>
          24
        </td>
        <td>
          16
        </td>
        <td>
          5
        </td>
        <td>
          3
        </td>
        <td>
          49:16
        </td>
        <td>
          53
        </td>
      </tr>
      <tr>
        <td>
          3.
        </td>
        <td>
          Челси
        </td>
        <td>
          24
        </td>
        <td>
          15
        </td>
        <td>
          5
        </td>
        <td>
          4
        </td>
        <td>
          45:16
        </td>
        <td>
          50
        </td>
      </tr>
      <tr>
        <td>
          4.
        </td>
        <td>
          Ливерпуль
        </td>
        <td>
          24
        </td>
        <td>
          13
        </td>
        <td>
          8
        </td>
        <td>
          3
        </td>
        <td>
          54:29
        </td>
        <td>
          47
        </td>
      </tr>
      <tr>
        <td>
          5.
        </td>
        <td>
          Тоттенхэм
        </td>
        <td>
          24
        </td>
        <td>
          13
        </td>
        <td>
          6
        </td>
        <td>
          5
        </td>
        <td>
          47:22
        </td>
        <td>
          45
        </td>
      </tr>
      <tr>
        <td>
          6.
        </td>
        <td>
          Арсенал
        </td>
        <td>
          24
        </td>
        <td>
          12
        </td>
        <td>
          6
        </td>
        <td>
          6
        </td>
        <td>
          45:31
        </td>
        <td>
          42
        </td>
      </tr>
      <tr>
        <td>
          7.
        </td>
        <td>
          Лестер
        </td>
        <td>
          24
        </td>
        <td>
          9
        </td>
        <td>
          7
        </td>
        <td>
          8
        </td>
        <td>
          36:32
        </td>
        <td>
          34
        </td>
      </tr>
      <tr>
        <td>
          8.
        </td>
        <td>
          Бёрнли
        </td>
        <td>
          24
        </td>
        <td>
          9
        </td>
        <td>
          7
        </td>
        <td>
          8
        </td>
        <td>
          19:21
        </td>
        <td>
          34
        </td>
      </tr>
      <tr>
        <td>
          9.
        </td>
        <td>
          Эвертон
        </td>
        <td>
          24
        </td>
        <td>
          7
        </td>
        <td>
          7
        </td>
        <td>
          10
        </td>
        <td>
          26:39
        </td>
        <td>
          28
        </td>
      </tr>
      <tr>
        <td>
          10.
        </td>
        <td>
          Уотфорд
        </td>
        <td>
          24
        </td>
        <td>
          7
        </td>
        <td>
          5
        </td>
        <td>
          12
        </td>
        <td>
          33:44
        </td>
        <td>
          26
        </td>
      </tr>
      <tr>
        <td>
          11.
        </td>
        <td>
          Вест Хэм
        </td>
        <td>
          24
        </td>
        <td>
          6
        </td>
        <td>
          8
        </td>
        <td>
          10
        </td>
        <td>
          30:42
        </td>
        <td>
          26
        </td>
      </tr>
      <tr>
        <td>
          12.
        </td>
        <td>
          Борнмут
        </td>
        <td>
          24
        </td>
        <td>
          6
        </td>
        <td>
          7
        </td>
        <td>
          11
        </td>
        <td>
          25:36
        </td>
        <td>
          25
        </td>
      </tr>
      <tr>
        <td>
          13.
        </td>
        <td>
          Кристал Пэлас
        </td>
        <td>
          24
        </td>
        <td>
          6
        </td>
        <td>
          7
        </td>
        <td>
          11
        </td>
        <td>
          22:37
        </td>
        <td>
          25
        </td>
      </tr>
      <tr>
        <td>
          14.
        </td>
        <td>
          Хаддерсфилд
        </td>
        <td>
          24
        </td>
        <td>
          6
        </td>
        <td>
          6
        </td>
        <td>
          12
        </td>
        <td>
          19:41
        </td>
        <td>
          24
        </td>
      </tr>
      <tr>
        <td>
          15.
        </td>
        <td>
          Ньюкасл Юнайтед
        </td>
        <td>
          24
        </td>
        <td>
          6
        </td>
        <td>
          5
        </td>
        <td>
          13
        </td>
        <td>
          22:34
        </td>
        <td>
          23
        </td>
      </tr>
      <tr>
        <td>
          16.
        </td>
        <td>
          Брайтон
        </td>
        <td>
          24
        </td>
        <td>
          5
        </td>
        <td>
          8
        </td>
        <td>
          11
        </td>
        <td>
          17:33
        </td>
        <td>
          23
        </td>
      </tr>
      <tr>
        <td>
          17.
        </td>
        <td>
          Сток Сити
        </td>
        <td>
          24
        </td>
        <td>
          6
        </td>
        <td>
          5
        </td>
        <td>
          13
        </td>
        <td>
          25:50
        </td>
        <td>
          23
        </td>
      </tr>
      <tr>
        <td>
          18.
        </td>
        <td>
          Саутгемптон
        </td>
        <td>
          24
        </td>
        <td>
          4
        </td>
        <td>
          10
        </td>
        <td>
          10
        </td>
        <td>
          24:35
        </td>
        <td>
          22
        </td>
      </tr>
      <tr>
        <td>
          19.
        </td>
        <td>
          Вест Бромвич
        </td>
        <td>
          24
        </td>
        <td>
          3
        </td>
        <td>
          11
        </td>
        <td>
          10
        </td>
        <td>
          19:31
        </td>
        <td>
          20
        </td>
      </tr>
      <tr>
        <td>
          20.
        </td>
        <td>
          Суонси
        </td>
        <td>
          24
        </td>
        <td>
          5
        </td>
        <td>
          5
        </td>
        <td>
          14
        </td>
        <td>
          15:35
        </td>
        <td>
          20
        </td>
      </tr>
    </tbody>
  </table>
</div>
`;
