// Jest Snapshot v1, https://goo.gl/fbAQLP

exports[`PredictionForm should render correctly 1`] = `
<form
  autoComplete="off"
  onSubmit={[Function]}
>
  <ul
    className="MuiList-root-9 MuiList-padding-10"
  >
    <li
      className="MuiListItem-root-13 MuiListItem-default-16 MuiListItem-divider-19"
      disabled={false}
    >
      <div
        className="MuiListItemText-root-23 _class-home-3"
      >
        <span
          className="MuiTypography-root-29 MuiTypography-subheading-36 MuiListItemText-primary-26"
        >
          <label
            className="MuiFormLabel-root-58 MuiInputLabel-root-53 MuiInputLabel-animated-57"
            htmlFor="sr:competitor:39"
          >
            Newcastle United
          </label>
        </span>
      </div>
      <div
        className="_class-score-7"
      >
        <div
          className="MuiInput-root-63 _class-inputWrap-5 MuiInput-underline-67 _class-underline-8"
        >
          <input
            autoFocus={true}
            className="MuiInput-input-71 _class-input-4"
            id="sr:competitor:39"
            name="Newcastle United"
            onBlur={[Function]}
            onChange={[Function]}
            onFocus={[Function]}
            type="text"
          />
        </div>
        <div>
          :
        </div>
        <div
          className="MuiInput-root-63 _class-inputWrap-5 MuiInput-underline-67 _class-underline-8"
        >
          <input
            className="MuiInput-input-71 _class-input-4"
            id="sr:competitor:33"
            name="Tottenham Hotspur"
            onBlur={[Function]}
            onChange={[Function]}
            onFocus={[Function]}
            type="text"
          />
        </div>
      </div>
      <div
        className="MuiListItemText-root-23 _class-away-1"
      >
        <span
          className="MuiTypography-root-29 MuiTypography-subheading-36 MuiListItemText-primary-26"
        >
          <label
            className="MuiFormLabel-root-58 MuiInputLabel-root-53 MuiInputLabel-animated-57"
            htmlFor="sr:competitor:33"
          >
            Tottenham Hotspur
          </label>
        </span>
      </div>
    </li>
    <li
      className="MuiListItem-root-13 MuiListItem-default-16 MuiListItem-divider-19"
      disabled={false}
    >
      <div
        className="MuiListItemText-root-23 _class-home-3"
      >
        <span
          className="MuiTypography-root-29 MuiTypography-subheading-36 MuiListItemText-primary-26"
        >
          <label
            className="MuiFormLabel-root-58 MuiInputLabel-root-53 MuiInputLabel-animated-57"
            htmlFor="sr:competitor:2961"
          >
            Willem II Tilburg
          </label>
        </span>
      </div>
      <div
        className="_class-score-7"
      >
        <div
          className="MuiInput-root-63 _class-inputWrap-5 MuiInput-underline-67 _class-underline-8"
        >
          <input
            autoFocus={false}
            className="MuiInput-input-71 _class-input-4"
            id="sr:competitor:2961"
            name="Willem II Tilburg"
            onBlur={[Function]}
            onChange={[Function]}
            onFocus={[Function]}
            type="text"
          />
        </div>
        <div>
          :
        </div>
        <div
          className="MuiInput-root-63 _class-inputWrap-5 MuiInput-underline-67 _class-underline-8"
        >
          <input
            className="MuiInput-input-71 _class-input-4"
            id="sr:competitor:2980"
            name="VVV Venlo"
            onBlur={[Function]}
            onChange={[Function]}
            onFocus={[Function]}
            type="text"
          />
        </div>
      </div>
      <div
        className="MuiListItemText-root-23 _class-away-1"
      >
        <span
          className="MuiTypography-root-29 MuiTypography-subheading-36 MuiListItemText-primary-26"
        >
          <label
            className="MuiFormLabel-root-58 MuiInputLabel-root-53 MuiInputLabel-animated-57"
            htmlFor="sr:competitor:2980"
          >
            VVV Venlo
          </label>
        </span>
      </div>
    </li>
    <li
      className="MuiListItem-root-13 MuiListItem-default-16 MuiListItem-divider-19"
      disabled={false}
    >
      <div
        className="MuiListItemText-root-23 _class-home-3"
      >
        <span
          className="MuiTypography-root-29 MuiTypography-subheading-36 MuiListItemText-primary-26"
        >
          <label
            className="MuiFormLabel-root-58 MuiInputLabel-root-53 MuiInputLabel-animated-57"
            htmlFor="sr:competitor:1684"
          >
            SCO Angers
          </label>
        </span>
      </div>
      <div
        className="_class-score-7"
      >
        <div
          className="MuiInput-root-63 _class-inputWrap-5 MuiInput-underline-67 _class-underline-8"
        >
          <input
            autoFocus={false}
            className="MuiInput-input-71 _class-input-4"
            id="sr:competitor:1684"
            name="SCO Angers"
            onBlur={[Function]}
            onChange={[Function]}
            onFocus={[Function]}
            type="text"
          />
        </div>
        <div>
          :
        </div>
        <div
          className="MuiInput-root-63 _class-inputWrap-5 MuiInput-underline-67 _class-underline-8"
        >
          <input
            className="MuiInput-input-71 _class-input-4"
            id="sr:competitor:1663"
            name="Olympique Nimes"
            onBlur={[Function]}
            onChange={[Function]}
            onFocus={[Function]}
            type="text"
          />
        </div>
      </div>
      <div
        className="MuiListItemText-root-23 _class-away-1"
      >
        <span
          className="MuiTypography-root-29 MuiTypography-subheading-36 MuiListItemText-primary-26"
        >
          <label
            className="MuiFormLabel-root-58 MuiInputLabel-root-53 MuiInputLabel-animated-57"
            htmlFor="sr:competitor:1663"
          >
            Olympique Nimes
          </label>
        </span>
      </div>
    </li>
  </ul>
  <div
    className="_class-btnWrap-2"
  >
    <button
      className="MuiButtonBase-root-100 MuiButton-root-76 MuiButton-contained-85 MuiButton-containedSecondary-87 MuiButton-raised-88 MuiButton-raisedSecondary-90"
      disabled={false}
      onBlur={[Function]}
      onFocus={[Function]}
      onKeyDown={[Function]}
      onKeyUp={[Function]}
      onMouseDown={[Function]}
      onMouseLeave={[Function]}
      onMouseUp={[Function]}
      onTouchEnd={[Function]}
      onTouchMove={[Function]}
      onTouchStart={[Function]}
      tabIndex="0"
      type="submit"
    >
      <span
        className="MuiButton-label-77"
      >
        Submit
      </span>
      <span
        className="MuiTouchRipple-root-103"
      />
    </button>
  </div>
</form>
`;
