// Jest Snapshot v1, https://goo.gl/fbAQLP

exports[`Header should render correctly 1`] = `
<header
  className="MuiPaper-root-12 MuiPaper-elevation4-18 MuiAppBar-root-4 MuiAppBar-positionStatic-8 MuiAppBar-colorPrimary-10 WithTheme-Header--header-1"
>
  <div
    className="MuiToolbar-root-39 MuiToolbar-gutters-40 header__toolbar"
  >
    <button
      aria-label="Menu"
      className="MuiButtonBase-root-47 MuiIconButton-root-41 MuiIconButton-colorInherit-42"
      disabled={false}
      onBlur={[Function]}
      onFocus={[Function]}
      onKeyDown={[Function]}
      onKeyUp={[Function]}
      onMouseDown={[Function]}
      onMouseLeave={[Function]}
      onMouseUp={[Function]}
      onTouchEnd={[Function]}
      onTouchMove={[Function]}
      onTouchStart={[Function]}
      tabIndex="0"
      type="button"
    >
      <span
        className="MuiIconButton-label-46"
      >
        <svg
          aria-hidden="true"
          className="MuiSvgIcon-root-50"
          color={undefined}
          focusable="false"
          viewBox="0 0 24 24"
        >
          <path
            d="M3 18h18v-2H3v2zm0-5h18v-2H3v2zm0-7v2h18V6H3z"
          />
        </svg>
      </span>
      <span
        className="MuiTouchRipple-root-56"
      />
    </button>
    <div
      className="Logo-logo-64"
    >
      <a
        href="/"
        onClick={[Function]}
      >
        <img
          alt="logo"
          className="Logo-img-63"
          src="https://avatars2.githubusercontent.com/u/11474330"
        />
      </a>
    </div>
    <h2
      className="MuiTypography-root-65 MuiTypography-title-71 MuiTypography-colorInherit-84 WithTheme-Header--title-3"
    >
      Title
    </h2>
    <h2
      className="MuiTypography-root-65 MuiTypography-title-71 WithTheme-Header--title-3"
    >
      <a
        className="WithTheme-Header--link-2"
        href="/fixtures/premier-league"
        onClick={[Function]}
      >
        Fixtures
      </a>
    </h2>
    <h2
      className="MuiTypography-root-65 MuiTypography-title-71 WithTheme-Header--title-3"
    >
      <a
        className="WithTheme-Header--link-2"
        href="/results/premier-league"
        onClick={[Function]}
      >
        Results
      </a>
    </h2>
  </div>
</header>
`;
