// Jest Snapshot v1, https://goo.gl/fbAQLP

exports[`Header should render correctly 1`] = `
<header
  className="MuiPaper-root-10 MuiPaper-elevation4-16 MuiAppBar-root-2 MuiAppBar-positionStatic-6 MuiAppBar-colorPrimary-8 WithTheme-HeaderElement--header-1"
>
  <div
    className="MuiToolbar-root-37 MuiToolbar-gutters-38"
  >
    <button
      aria-label="Menu"
      className="MuiButtonBase-root-45 MuiIconButton-root-39 MuiIconButton-colorInherit-40"
      disabled={false}
      onBlur={[Function]}
      onFocus={[Function]}
      onKeyDown={[Function]}
      onKeyUp={[Function]}
      onMouseDown={[Function]}
      onMouseLeave={[Function]}
      onMouseUp={[Function]}
      onTouchEnd={[Function]}
      onTouchMove={[Function]}
      onTouchStart={[Function]}
      tabIndex="0"
      type="button"
    >
      <span
        className="MuiIconButton-label-44"
      >
        <svg
          aria-hidden="true"
          className="MuiSvgIcon-root-48"
          focusable="false"
          viewBox="0 0 24 24"
        >
          <g>
            <path
              d="M3 18h18v-2H3v2zm0-5h18v-2H3v2zm0-7v2h18V6H3z"
            />
          </g>
        </svg>
      </span>
      <span
        className="MuiTouchRipple-root-54"
      />
    </button>
    <div
      className="LogoElement-logo-62"
    >
      <a
        href="/"
        onClick={[Function]}
      >
        <img
          alt="logo"
          className="LogoElement-img-61"
          src="https://avatars2.githubusercontent.com/u/11474330"
        />
      </a>
    </div>
  </div>
</header>
`;
