// Jest Snapshot v1, https://goo.gl/fbAQLP

exports[`Row should render correctly 1`] = `
<table
  className="MuiTable-root-1"
>
  <tr
    className="MuiTableRow-root-2 MuiTableRow-hover-6"
  >
    <td
      aria-sort={null}
      className="MuiTableCell-root-7 MuiTableCell-paddingCheckbox-14 MuiTableCell-paddingDefault-12"
      scope={undefined}
    >
      1
    </td>
    <td
      aria-sort={null}
      className="MuiTableCell-root-7 MuiTableCell-paddingCheckbox-14 MuiTableCell-paddingDefault-12"
      scope={undefined}
    >
      29
    </td>
    <td
      aria-sort={null}
      className="MuiTableCell-root-7 MuiTableCell-paddingCheckbox-14 MuiTableCell-paddingDefault-12"
      scope={undefined}
    >
      25
    </td>
    <td
      aria-sort={null}
      className="MuiTableCell-root-7 MuiTableCell-paddingCheckbox-14 MuiTableCell-paddingDefault-12"
      scope={undefined}
    >
      3
    </td>
    <td
      aria-sort={null}
      className="MuiTableCell-root-7 MuiTableCell-paddingCheckbox-14 MuiTableCell-paddingDefault-12"
      scope={undefined}
    >
      1
    </td>
    <td
      aria-sort={null}
      className="MuiTableCell-root-7 MuiTableCell-paddingCheckbox-14 MuiTableCell-paddingDefault-12"
      scope={undefined}
    >
      83
    </td>
    <td
      aria-sort={null}
      className="MuiTableCell-root-7 MuiTableCell-paddingCheckbox-14 MuiTableCell-paddingDefault-12"
      scope={undefined}
    >
      20
    </td>
    <td
      aria-sort={null}
      className="MuiTableCell-root-7 MuiTableCell-paddingCheckbox-14 MuiTableCell-paddingDefault-12"
      scope={undefined}
    >
      78
    </td>
    <td
      aria-sort={null}
      className="MuiTableCell-root-7 MuiTableCell-paddingCheckbox-14 MuiTableCell-paddingDefault-12"
      scope={undefined}
    >
      Manchester City
    </td>
    <td
      aria-sort={null}
      className="MuiTableCell-root-7 MuiTableCell-paddingCheckbox-14 MuiTableCell-paddingDefault-12"
      scope={undefined}
    >
      MCI
    </td>
    <td
      aria-sort={null}
      className="MuiTableCell-root-7 MuiTableCell-paddingCheckbox-14 MuiTableCell-paddingDefault-12"
      scope={undefined}
    >
      63
    </td>
    <td
      aria-sort={null}
      className="MuiTableCell-root-7 MuiTableCell-paddingCheckbox-14 MuiTableCell-paddingDefault-12"
      scope={undefined}
    >
      Stoke City
    </td>
  </tr>
</table>
`;
