// Jest Snapshot v1, https://goo.gl/fbAQLP

exports[`Row should render correctly 1`] = `
<table
  className="MuiTable-root-1"
>
  <tr
    className="MuiTableRow-root-2 MuiTableRow-hover-6 row"
  >
    <td
      aria-sort={null}
      className="MuiTableCell-root-7 MuiTableCell-paddingCheckbox-13 row__cell"
      scope={undefined}
    >
      3
    </td>
    <td
      aria-sort={null}
      className="MuiTableCell-root-7 MuiTableCell-paddingCheckbox-13 row__cell"
      scope={undefined}
    >
      21
    </td>
    <td
      aria-sort={null}
      className="MuiTableCell-root-7 MuiTableCell-paddingCheckbox-13 row__cell"
      scope={undefined}
    >
      88
    </td>
    <td
      aria-sort={null}
      className="MuiTableCell-root-7 MuiTableCell-paddingCheckbox-13 row__cell"
      scope={undefined}
    >
      1
    </td>
    <td
      aria-sort={null}
      className="MuiTableCell-root-7 MuiTableCell-paddingCheckbox-13 row__cell"
      scope={undefined}
    >
      84
    </td>
    <td
      aria-sort={null}
      className="MuiTableCell-root-7 MuiTableCell-paddingCheckbox-13 row__cell"
      scope={undefined}
    >
      1
    </td>
    <td
      aria-sort={null}
      className="MuiTableCell-root-7 MuiTableCell-paddingCheckbox-13 row__cell"
      scope={undefined}
    >
      <div
        className="row__info"
      >
        <div
          className="MuiAvatar-root-15 row__img"
        />
        <span
          className="row__name"
        >
          Manchester City
        </span>
        <span
          className="row__shortname"
        />
      </div>
    </td>
    <td
      aria-sort={null}
      className="MuiTableCell-root-7 MuiTableCell-paddingCheckbox-13 row__cell"
      scope={undefined}
    >
      27
    </td>
  </tr>
</table>
`;
