// Jest Snapshot v1, https://goo.gl/fbAQLP

exports[`MatchList should render correctly 1`] = `
<ul
  className="MuiList-root-14"
>
  <div
    className="class_1-title-2"
  >
    Round 
    1
  </div>
  <div
    className="MuiPaper-root-18 MuiPaper-elevation2-22 MuiPaper-rounded-19 class_1-round-1"
  >
    <div
      className="MuiButtonBase-root-68 MuiListItem-root-56 MuiListItem-default-59 MuiListItem-gutters-64 MuiListItem-divider-63 MuiListItem-button-65 Component-matchItem-52"
      onBlur={[Function]}
      onContextMenu={[Function]}
      onFocus={[Function]}
      onKeyDown={[Function]}
      onKeyUp={[Function]}
      onMouseDown={[Function]}
      onMouseLeave={[Function]}
      onMouseUp={[Function]}
      onTouchEnd={[Function]}
      onTouchMove={[Function]}
      onTouchStart={[Function]}
      role="button"
      tabIndex="0"
    >
      <div
        className="MuiListItemText-root-71 Component-text-55 Component-home-50"
      >
        <div>
          Russia
        </div>
        <div
          className="MuiListItemIcon-root-78 Component-homeIcon-51"
        >
          <div
            className="MuiAvatar-root-79 Component-logo-77"
          >
            <img
              className="MuiAvatar-img-81"
              src="https://cdn2.iconfinder.com/data/icons/sport-items-2/512/football_soccer_badge_shield_ball_heraldic-128.png"
            />
          </div>
        </div>
      </div>
      <div
        className="Component-score-54 Component-default-47"
      >
        <div>
          0
        </div>
        <div
          className="Component-dash-46"
        >
          :
        </div>
        <div>
          5
        </div>
      </div>
      <div
        className="MuiListItemText-root-71 Component-text-55 Component-guest-49"
      >
        <div
          className="MuiListItemIcon-root-78 Component-awayIcon-45"
        >
          <div
            className="MuiAvatar-root-79 Component-logo-77"
          >
            <img
              className="MuiAvatar-img-81"
              src="https://cdn2.iconfinder.com/data/icons/sport-items-2/512/football_soccer_badge_shield_ball_heraldic-128.png"
            />
          </div>
        </div>
        <div>
          Saudi Arabia
        </div>
      </div>
      <span
        className="MuiTouchRipple-root-82"
      />
    </div>
    <div
      className="MuiButtonBase-root-68 MuiListItem-root-56 MuiListItem-default-59 MuiListItem-gutters-64 MuiListItem-divider-63 MuiListItem-button-65 Component-matchItem-52"
      onBlur={[Function]}
      onContextMenu={[Function]}
      onFocus={[Function]}
      onKeyDown={[Function]}
      onKeyUp={[Function]}
      onMouseDown={[Function]}
      onMouseLeave={[Function]}
      onMouseUp={[Function]}
      onTouchEnd={[Function]}
      onTouchMove={[Function]}
      onTouchStart={[Function]}
      role="button"
      tabIndex="0"
    >
      <div
        className="MuiListItemText-root-71 Component-text-55 Component-home-50"
      >
        <div>
          Sweden
        </div>
        <div
          className="MuiListItemIcon-root-78 Component-homeIcon-51"
        >
          <div
            className="MuiAvatar-root-79 Component-logo-77"
          >
            <img
              className="MuiAvatar-img-81"
              src="https://cdn2.iconfinder.com/data/icons/sport-items-2/512/football_soccer_badge_shield_ball_heraldic-128.png"
            />
          </div>
        </div>
      </div>
      <div
        className="Component-score-54 Component-default-47"
      >
        <div>
          1
        </div>
        <div
          className="Component-dash-46"
        >
          :
        </div>
        <div>
          0
        </div>
      </div>
      <div
        className="MuiListItemText-root-71 Component-text-55 Component-guest-49"
      >
        <div
          className="MuiListItemIcon-root-78 Component-awayIcon-45"
        >
          <div
            className="MuiAvatar-root-79 Component-logo-77"
          >
            <img
              className="MuiAvatar-img-81"
              src="https://cdn2.iconfinder.com/data/icons/sport-items-2/512/football_soccer_badge_shield_ball_heraldic-128.png"
            />
          </div>
        </div>
        <div>
          Republic of Korea
        </div>
      </div>
      <span
        className="MuiTouchRipple-root-82"
      />
    </div>
  </div>
  <div
    className="class_1-title-2"
  >
    Round 
    2
  </div>
  <div
    className="MuiPaper-root-18 MuiPaper-elevation2-22 MuiPaper-rounded-19 class_1-round-1"
  >
    <div
      className="MuiButtonBase-root-68 MuiListItem-root-56 MuiListItem-default-59 MuiListItem-gutters-64 MuiListItem-divider-63 MuiListItem-button-65 Component-matchItem-52"
      onBlur={[Function]}
      onContextMenu={[Function]}
      onFocus={[Function]}
      onKeyDown={[Function]}
      onKeyUp={[Function]}
      onMouseDown={[Function]}
      onMouseLeave={[Function]}
      onMouseUp={[Function]}
      onTouchEnd={[Function]}
      onTouchMove={[Function]}
      onTouchStart={[Function]}
      role="button"
      tabIndex="0"
    >
      <div
        className="MuiListItemText-root-71 Component-text-55 Component-home-50"
      >
        <div>
          Egypt
        </div>
        <div
          className="MuiListItemIcon-root-78 Component-homeIcon-51"
        >
          <div
            className="MuiAvatar-root-79 Component-logo-77"
          >
            <img
              className="MuiAvatar-img-81"
              src="https://cdn2.iconfinder.com/data/icons/sport-items-2/512/football_soccer_badge_shield_ball_heraldic-128.png"
            />
          </div>
        </div>
      </div>
      <div
        className="Component-score-54 Component-default-47"
      >
        <div>
          0
        </div>
        <div
          className="Component-dash-46"
        >
          :
        </div>
        <div>
          1
        </div>
      </div>
      <div
        className="MuiListItemText-root-71 Component-text-55 Component-guest-49"
      >
        <div
          className="MuiListItemIcon-root-78 Component-awayIcon-45"
        >
          <div
            className="MuiAvatar-root-79 Component-logo-77"
          >
            <img
              className="MuiAvatar-img-81"
              src="https://cdn2.iconfinder.com/data/icons/sport-items-2/512/football_soccer_badge_shield_ball_heraldic-128.png"
            />
          </div>
        </div>
        <div>
          Uruguay
        </div>
      </div>
      <span
        className="MuiTouchRipple-root-82"
      />
    </div>
  </div>
</ul>
`;
